// Jest Snapshot v1, https://goo.gl/fbAQLP

exports[`convertScalarsToMarkdown should render scalars 1`] = `
"## Boolean

The \`Boolean\` scalar type represents \`true\` or \`false\`.

## DateTime

A ISO date time.

## String

The \`String\` scalar type represents textual data, represented as UTF-8 character sequences. The String type is most often used by GraphQL to represent free-form human-readable text.

"
`;
